[INFO] Scanning for projects...
[INFO] 
[INFO] -------------------------< com.saas:ecommerce >-------------------------
[INFO] Building SaaS E-commerce Platform 0.0.1-SNAPSHOT
[INFO]   from pom.xml
[INFO] --------------------------------[ jar ]---------------------------------
[INFO] 
[INFO] --- resources:3.3.1:resources (default-resources) @ ecommerce ---
[INFO] Copying 1 resource from src\main\resources to target\classes
[INFO] Copying 0 resource from src\main\resources to target\classes
[INFO] 
[INFO] --- compiler:3.13.0:compile (default-compile) @ ecommerce ---
[INFO] Nothing to compile - all classes are up to date.
[INFO] 
[INFO] --- resources:3.3.1:testResources (default-testResources) @ ecommerce ---
[INFO] Copying 2 resources from src\test\resources to target\test-classes
[INFO] 
[INFO] --- compiler:3.13.0:testCompile (default-testCompile) @ ecommerce ---
[INFO] Nothing to compile - all classes are up to date.
[INFO] 
[INFO] --- surefire:3.5.2:test (default-test) @ ecommerce ---
[INFO] Using auto detected provider org.apache.maven.surefire.junitplatform.JUnitPlatformProvider
[INFO] 
[INFO] -------------------------------------------------------
[INFO]  T E S T S
[INFO] -------------------------------------------------------
[INFO] Running com.saas.ecommerce.integration.OrderLifecycleIntegrationTest
Standard Commons Logging discovery in action with spring-jcl: please remove commons-logging.jar from classpath in order to avoid potential conflicts
11:27:16.848 [main] INFO org.springframework.test.context.support.AnnotationConfigContextLoaderUtils -- Could not detect default configuration classes for test class [com.saas.ecommerce.integration.OrderLifecycleIntegrationTest]: OrderLifecycleIntegrationTest does not declare any static, non-private, non-final, nested classes annotated with @Configuration.
11:27:17.039 [main] INFO org.springframework.boot.test.context.SpringBootTestContextBootstrapper -- Found @SpringBootConfiguration com.saas.ecommerce.EcommerceApplication for test class com.saas.ecommerce.integration.OrderLifecycleIntegrationTest
11:27:17.190 [main] INFO org.testcontainers.images.PullPolicy -- Image pull policy will be performed by: DefaultPullPolicy()
11:27:17.193 [main] INFO org.testcontainers.utility.ImageNameSubstitutor -- Image name substitution will be performed by: DefaultImageNameSubstitutor (composite of 'ConfigurationFileImageNameSubstitutor' and 'PrefixingImageNameSubstitutor')
11:27:17.240 [main] INFO org.testcontainers.DockerClientFactory -- Testcontainers version: 1.20.4
11:27:17.432 [main] INFO org.testcontainers.dockerclient.DockerClientProviderStrategy -- Loaded org.testcontainers.dockerclient.NpipeSocketClientProviderStrategy from ~/.testcontainers.properties, will try it first
11:27:17.742 [main] INFO org.testcontainers.dockerclient.DockerClientProviderStrategy -- Found Docker environment with local Npipe socket (npipe:////./pipe/docker_engine)
11:27:17.745 [main] INFO org.testcontainers.DockerClientFactory -- Docker host IP address is localhost
11:27:17.768 [main] INFO org.testcontainers.DockerClientFactory -- Connected to docker: 
  Server Version: 29.2.0
  API Version: 1.53
  Operating System: Docker Desktop
  Total Memory: 7835 MB
  Labels: 
    com.docker.desktop.address=npipe://\\.\pipe\docker_cli
11:27:17.855 [main] INFO tc.testcontainers/ryuk:0.11.0 -- Creating container for image: testcontainers/ryuk:0.11.0
11:27:18.116 [main] INFO tc.testcontainers/ryuk:0.11.0 -- Container testcontainers/ryuk:0.11.0 is starting: c5475cd181ac1997583b5ab4afa72e6e36d6d2f1b64814d045c03b0b3b0e05ab
11:27:18.467 [main] INFO tc.testcontainers/ryuk:0.11.0 -- Container testcontainers/ryuk:0.11.0 started in PT0.6122949S
11:27:18.474 [main] INFO org.testcontainers.utility.RyukResourceReaper -- Ryuk started - will monitor and terminate Testcontainers containers on JVM exit
11:27:18.475 [main] INFO org.testcontainers.DockerClientFactory -- Checking the system...
11:27:18.475 [main] INFO org.testcontainers.DockerClientFactory -- ?? Docker server version should be at least 1.6.0
11:27:18.476 [main] INFO tc.postgres:16-alpine -- Creating container for image: postgres:16-alpine
11:27:18.568 [main] INFO tc.postgres:16-alpine -- Container postgres:16-alpine is starting: 495142b183b873eaa8c32ac3020116b674d3404eb328f3899d44613bfda1fec2
11:27:20.401 [main] INFO tc.postgres:16-alpine -- Container postgres:16-alpine started in PT1.925327S
11:27:20.402 [main] INFO tc.postgres:16-alpine -- Container is started (JDBC URL: jdbc:postgresql://localhost:51818/test?loggerLevel=OFF)

  .   ____          _            __ _ _
 /\\ / ___'_ __ _ _(_)_ __  __ _ \ \ \ \
( ( )\___ | '_ | '_| | '_ \/ _` | \ \ \ \
 \\/  ___)| |_)| | | | | || (_| |  ) ) ) )
  '  |____| .__|_| |_|_| |_\__, | / / / /
 =========|_|==============|___/=/_/_/_/

 :: Spring Boot ::                (v3.4.2)

2026-02-11T11:27:20.763-03:00  INFO 19860 --- [saas-ecommerce-test] [           main] c.s.e.i.OrderLifecycleIntegrationTest    : Starting OrderLifecycleIntegrationTest using Java 21.0.8 with PID 19860 (started by Paulo in C:\Users\paulo\OneDrive\Desktop\repositorios\saas-project-ecommerce\backend)
2026-02-11T11:27:20.764-03:00  INFO 19860 --- [saas-ecommerce-test] [           main] c.s.e.i.OrderLifecycleIntegrationTest    : The following 1 profile is active: "test"
2026-02-11T11:27:21.741-03:00  INFO 19860 --- [saas-ecommerce-test] [           main] .s.d.r.c.RepositoryConfigurationDelegate : Bootstrapping Spring Data JPA repositories in DEFAULT mode.
2026-02-11T11:27:21.846-03:00  INFO 19860 --- [saas-ecommerce-test] [           main] .s.d.r.c.RepositoryConfigurationDelegate : Finished Spring Data repository scanning in 93 ms. Found 9 JPA repository interfaces.
2026-02-11T11:27:22.872-03:00  INFO 19860 --- [saas-ecommerce-test] [           main] o.s.b.w.embedded.tomcat.TomcatWebServer  : Tomcat initialized with port 0 (http)
2026-02-11T11:27:22.889-03:00  INFO 19860 --- [saas-ecommerce-test] [           main] o.apache.catalina.core.StandardService   : Starting service [Tomcat]
2026-02-11T11:27:22.889-03:00  INFO 19860 --- [saas-ecommerce-test] [           main] o.apache.catalina.core.StandardEngine    : Starting Servlet engine: [Apache Tomcat/10.1.34]
2026-02-11T11:27:22.972-03:00  INFO 19860 --- [saas-ecommerce-test] [           main] o.a.c.c.C.[Tomcat].[localhost].[/]       : Initializing Spring embedded WebApplicationContext
2026-02-11T11:27:22.973-03:00  INFO 19860 --- [saas-ecommerce-test] [           main] w.s.c.ServletWebServerApplicationContext : Root WebApplicationContext: initialization completed in 2197 ms
Standard Commons Logging discovery in action with spring-jcl: please remove commons-logging.jar from classpath in order to avoid potential conflicts
2026-02-11T11:27:23.480-03:00  INFO 19860 --- [saas-ecommerce-test] [           main] com.zaxxer.hikari.HikariDataSource       : HikariPool-1 - Starting...
2026-02-11T11:27:23.643-03:00  INFO 19860 --- [saas-ecommerce-test] [           main] com.zaxxer.hikari.pool.HikariPool        : HikariPool-1 - Added connection org.postgresql.jdbc.PgConnection@2a349a73
2026-02-11T11:27:23.644-03:00  INFO 19860 --- [saas-ecommerce-test] [           main] com.zaxxer.hikari.HikariDataSource       : HikariPool-1 - Start completed.
2026-02-11T11:27:23.670-03:00  INFO 19860 --- [saas-ecommerce-test] [           main] org.flywaydb.core.FlywayExecutor         : Database: jdbc:postgresql://localhost:51818/test?loggerLevel=OFF (PostgreSQL 16.11)
2026-02-11T11:27:23.709-03:00  INFO 19860 --- [saas-ecommerce-test] [           main] o.f.c.i.s.JdbcTableSchemaHistory         : Schema history table "public"."flyway_schema_history" does not exist yet
2026-02-11T11:27:23.713-03:00  INFO 19860 --- [saas-ecommerce-test] [           main] o.f.core.internal.command.DbValidate     : Successfully validated 1 migration (execution time 00:00.017s)
2026-02-11T11:27:23.731-03:00  INFO 19860 --- [saas-ecommerce-test] [           main] o.f.c.i.s.JdbcTableSchemaHistory         : Creating Schema History table "public"."flyway_schema_history" ...
2026-02-11T11:27:23.790-03:00  INFO 19860 --- [saas-ecommerce-test] [           main] o.f.core.internal.command.DbMigrate      : Current version of schema "public": << Empty Schema >>
2026-02-11T11:27:23.818-03:00  INFO 19860 --- [saas-ecommerce-test] [           main] o.f.core.internal.command.DbMigrate      : Migrating schema "public" to version "1 - create schema"
2026-02-11T11:27:23.967-03:00  INFO 19860 --- [saas-ecommerce-test] [           main] o.f.core.internal.command.DbMigrate      : Successfully applied 1 migration to schema "public", now at version v1 (execution time 00:00.130s)
2026-02-11T11:27:24.110-03:00  INFO 19860 --- [saas-ecommerce-test] [           main] o.hibernate.jpa.internal.util.LogHelper  : HHH000204: Processing PersistenceUnitInfo [name: default]
2026-02-11T11:27:24.207-03:00  INFO 19860 --- [saas-ecommerce-test] [           main] org.hibernate.Version                    : HHH000412: Hibernate ORM core version 6.6.5.Final
2026-02-11T11:27:24.244-03:00  INFO 19860 --- [saas-ecommerce-test] [           main] o.h.c.internal.RegionFactoryInitiator    : HHH000026: Second-level cache disabled
2026-02-11T11:27:24.497-03:00  INFO 19860 --- [saas-ecommerce-test] [           main] o.s.o.j.p.SpringPersistenceUnitInfo      : No LoadTimeWeaver setup: ignoring JPA class transformer
2026-02-11T11:27:24.550-03:00  WARN 19860 --- [saas-ecommerce-test] [           main] org.hibernate.orm.deprecation            : HHH90000025: PostgreSQLDialect does not need to be specified explicitly using 'hibernate.dialect' (remove the property setting and it will be selected by default)
2026-02-11T11:27:24.566-03:00  INFO 19860 --- [saas-ecommerce-test] [           main] org.hibernate.orm.connections.pooling    : HHH10001005: Database info:
	Database JDBC URL [Connecting through datasource 'HikariDataSource (HikariPool-1)']
	Database driver: undefined/unknown
	Database version: 16.11
	Autocommit mode: undefined/unknown
	Isolation level: undefined/unknown
	Minimum pool size: undefined/unknown
	Maximum pool size: undefined/unknown
2026-02-11T11:27:25.595-03:00  INFO 19860 --- [saas-ecommerce-test] [           main] o.h.e.t.j.p.i.JtaPlatformInitiator       : HHH000489: No JTA platform available (set 'hibernate.transaction.jta.platform' to enable JTA platform integration)
2026-02-11T11:27:25.597-03:00  INFO 19860 --- [saas-ecommerce-test] [           main] j.LocalContainerEntityManagerFactoryBean : Initialized JPA EntityManagerFactory for persistence unit 'default'
2026-02-11T11:27:25.969-03:00  INFO 19860 --- [saas-ecommerce-test] [           main] o.s.d.j.r.query.QueryEnhancerFactory     : Hibernate is in classpath; If applicable, HQL parser will be used.
2026-02-11T11:27:26.526-03:00  INFO 19860 --- [saas-ecommerce-test] [           main] r$InitializeUserDetailsManagerConfigurer : Global AuthenticationManager configured with UserDetailsService bean with name customUserDetailsService
2026-02-11T11:27:27.683-03:00  INFO 19860 --- [saas-ecommerce-test] [           main] o.a.c.c.C.[Tomcat].[localhost].[/]       : Initializing Spring TestDispatcherServlet ''
2026-02-11T11:27:27.683-03:00  INFO 19860 --- [saas-ecommerce-test] [           main] o.s.t.web.servlet.TestDispatcherServlet  : Initializing Servlet ''
2026-02-11T11:27:27.684-03:00  INFO 19860 --- [saas-ecommerce-test] [           main] o.s.t.web.servlet.TestDispatcherServlet  : Completed initialization in 1 ms
2026-02-11T11:27:27.742-03:00  INFO 19860 --- [saas-ecommerce-test] [           main] o.s.b.w.embedded.tomcat.TomcatWebServer  : Tomcat started on port 51832 (http) with context path '/'
2026-02-11T11:27:27.749-03:00  INFO 19860 --- [saas-ecommerce-test] [           main] c.s.e.i.OrderLifecycleIntegrationTest    : Started OrderLifecycleIntegrationTest in 7.319 seconds (process running for 11.59)
mvn : Mockito is currently 
self-attaching to enable the 
inline-mock-maker. This will no 
longer work in future releases of the 
JDK. Please add Mockito as an agent 
to your build what is described in 
Mockito's documentation: https://javad
oc.io/doc/org.mockito/mockito-core/lat
est/org/mockito/Mockito.html#0.3
No linha:1 caractere:1
+ mvn test 
-Dtest=OrderLifecycleIntegrationTest 
> test_output.log 2>&1
+ ~~~~~~~~~~~~~~~~~~~~~~~~~~~~~~~~~~~~
~~~~~~~~~~~~~~~~~~~~~~~~~~~~~~~~
    + CategoryInfo          : 
NotSpecif    ied: (Mockito is 
curr...ockito.html    #0.3:String) 
[], RemoteException
    + FullyQualifiedErrorId : 
NativeCom    mandError
 
Java HotSpot(TM) 64-Bit Server VM 
warning: Sharing is only supported 
for boot loader classes because 
bootstrap classpath has been appended
WARNING: A Java agent has been loaded 
dynamically (C:\Users\paulo\.m2\reposi
tory\net\bytebuddy\byte-buddy-agent\1.
15.11\byte-buddy-agent-1.15.11.jar)
WARNING: If a serviceability tool is 
in use, please run with 
-XX:+EnableDynamicAgentLoading to 
hide this warning
WARNING: If a serviceability tool is 
not in use, please run with 
-Djdk.instrument.traceUsage for more 
information
WARNING: Dynamic loading of agents 
will be disallowed by default in a 
future release
Hibernate: 
    select
        p1_0.id,
        p1_0.active,
        p1_0.category_id,
        p1_0.created_at,
        p1_0.description,
        p1_0.height_cm,
        p1_0.image_url,
        p1_0.length_cm,
        p1_0.name,
        p1_0.price,
        p1_0.stock_quantity,
        p1_0.store_id,
        p1_0.updated_at,
        p1_0.weight_kg,
        p1_0.width_cm 
    from
        products p1_0
Hibernate: 
    select
        c1_0.id,
        c1_0.created_at,
        c1_0.name,
        c1_0.store_id,
        c1_0.updated_at 
    from
        categories c1_0
Hibernate: 
    select
        u1_0.id,
        u1_0.created_at,
        u1_0.email,
        u1_0.full_name,
        u1_0.password,
        u1_0.phone,
        u1_0.role,
        u1_0.store_id,
        u1_0.updated_at 
    from
        users u1_0
Hibernate: 
    select
        s1_0.id,
        s1_0.active,
        s1_0.banner_url,
        s1_0.created_at,
        s1_0.logo_url,
        s1_0.melhor_envio_token,
        s1_0.mercado_pago_token,
        s1_0.name,
        s1_0.primary_color,
        s1_0.slug_url,
        s1_0.updated_at 
    from
        stores s1_0
Hibernate: 
    insert 
    into
        stores
        (active, banner_url, created_at, logo_url, melhor_envio_token, mercado_pago_token, name, primary_color, slug_url, updated_at, id) 
    values
        (?, ?, ?, ?, ?, ?, ?, ?, ?, ?, ?)
Hibernate: 
    insert 
    into
        users
        (created_at, email, full_name, password, phone, role, store_id, updated_at, id) 
    values
        (?, ?, ?, ?, ?, ?, ?, ?, ?)
Hibernate: 
    insert 
    into
        categories
        (created_at, name, store_id, updated_at, id) 
    values
        (?, ?, ?, ?, ?)
Hibernate: 
    select
        u1_0.id,
        u1_0.created_at,
        u1_0.email,
        u1_0.full_name,
        u1_0.password,
        u1_0.phone,
        u1_0.role,
        u1_0.store_id,
        u1_0.updated_at 
    from
        users u1_0 
    where
        u1_0.email=?
Hibernate: 
    insert 
    into
        products
        (active, category_id, created_at, description, height_cm, image_url, length_cm, name, price, stock_quantity, store_id, updated_at, weight_kg, width_cm, id) 
    values
        (?, ?, ?, ?, ?, ?, ?, ?, ?, ?, ?, ?, ?, ?, ?)
Hibernate: 
    insert 
    into
        users
        (created_at, email, full_name, password, phone, role, store_id, updated_at, id) 
    values
        (?, ?, ?, ?, ?, ?, ?, ?, ?)
Hibernate: 
    select
        u1_0.id,
        u1_0.created_at,
        u1_0.email,
        u1_0.full_name,
        u1_0.password,
        u1_0.phone,
        u1_0.role,
        u1_0.store_id,
        u1_0.updated_at 
    from
        users u1_0 
    where
        u1_0.email=?
2026-02-11T11:27:28.753-03:00  INFO 19860 --- [saas-ecommerce-test] [           main] c.s.e.security.JwtAuthenticationFilter   : Header X-Store-ID nÒo encontrado ou vazio
Hibernate: 
    update
        addresses a1_0 
    set
        is_default=false 
    where
        a1_0.user_id=? 
        and a1_0.is_default=true
Hibernate: 
    insert 
    into
        addresses
        (city, complement, created_at, is_default, neighborhood, number, state, street, updated_at, user_id, zip_code, id) 
    values
        (?, ?, ?, ?, ?, ?, ?, ?, ?, ?, ?, ?)
Hibernate: 
    select
        u1_0.id,
        u1_0.created_at,
        u1_0.email,
        u1_0.full_name,
        u1_0.password,
        u1_0.phone,
        u1_0.role,
        u1_0.store_id,
        u1_0.updated_at 
    from
        users u1_0 
    where
        u1_0.email=?
2026-02-11T11:27:28.814-03:00  INFO 19860 --- [saas-ecommerce-test] [           main] c.s.e.security.JwtAuthenticationFilter   : TenantContext setado via Header: store_id=291170f6-ef61-4600-8de8-2bf0901367f7
2026-02-11T11:27:28.867-03:00  INFO 19860 --- [saas-ecommerce-test] [           main] c.saas.ecommerce.service.OrderService    : Creating order. Current context: 291170f6-ef61-4600-8de8-2bf0901367f7
Hibernate: 
    select
        p1_0.id,
        p1_0.active,
        p1_0.category_id,
        p1_0.created_at,
        p1_0.description,
        p1_0.height_cm,
        p1_0.image_url,
        p1_0.length_cm,
        p1_0.name,
        p1_0.price,
        p1_0.stock_quantity,
        p1_0.store_id,
        p1_0.updated_at,
        p1_0.weight_kg,
        p1_0.width_cm 
    from
        products p1_0 
    where
        p1_0.store_id = ? 
        and p1_0.id=? 
        and p1_0.store_id=?
Hibernate: 
    insert 
    into
        orders
        (created_at, customer_id, shipping_cost, status, store_id, total, tracking_code, updated_at, id) 
    values
        (?, ?, ?, ?, ?, ?, ?, ?, ?)
Hibernate: 
    insert 
    into
        order_items
        (created_at, order_id, product_id, quantity, unit_price, updated_at, id) 
    values
        (?, ?, ?, ?, ?, ?, ?)
2026-02-11T11:27:28.909-03:00  WARN 19860 --- [saas-ecommerce-test] [           main] o.h.engine.jdbc.spi.SqlExceptionHelper   : SQL Error: 0, SQLState: 23502
2026-02-11T11:27:28.909-03:00 ERROR 19860 --- [saas-ecommerce-test] [           main] o.h.engine.jdbc.spi.SqlExceptionHelper   : ERROR: null value in column "order_id" of relation "order_items" violates not-null constraint
  Detalhe: Failing row contains (2b0fe390-8a74-45a9-8f05-b1d5377c454e, 2, 1000.00, null, null, 2026-02-11 11:27:28.889473, 2026-02-11 11:27:28.889473).
2026-02-11T11:27:28.916-03:00 ERROR 19860 --- [saas-ecommerce-test] [           main] c.s.e.exception.GlobalExceptionHandler   : Erro interno nÒo tratado

org.springframework.dao.DataIntegrityViolationException: could not execute statement [ERROR: null value in column "order_id" of relation "order_items" violates not-null constraint
  Detalhe: Failing row contains (2b0fe390-8a74-45a9-8f05-b1d5377c454e, 2, 1000.00, null, null, 2026-02-11 11:27:28.889473, 2026-02-11 11:27:28.889473).] [insert into order_items (created_at,order_id,product_id,quantity,unit_price,updated_at,id) values (?,?,?,?,?,?,?)]; SQL [insert into order_items (created_at,order_id,product_id,quantity,unit_price,updated_at,id) values (?,?,?,?,?,?,?)]; constraint [order_id" of relation "order_items]
	at org.springframework.orm.jpa.vendor.HibernateJpaDialect.convertHibernateAccessException(HibernateJpaDialect.java:290) ~[spring-orm-6.2.2.jar:6.2.2]
	at org.springframework.orm.jpa.vendor.HibernateJpaDialect.translateExceptionIfPossible(HibernateJpaDialect.java:241) ~[spring-orm-6.2.2.jar:6.2.2]
	at org.springframework.orm.jpa.JpaTransactionManager.doCommit(JpaTransactionManager.java:566) ~[spring-orm-6.2.2.jar:6.2.2]
	at org.springframework.transaction.support.AbstractPlatformTransactionManager.processCommit(AbstractPlatformTransactionManager.java:795) ~[spring-tx-6.2.2.jar:6.2.2]
	at org.springframework.transaction.support.AbstractPlatformTransactionManager.commit(AbstractPlatformTransactionManager.java:758) ~[spring-tx-6.2.2.jar:6.2.2]
	at org.springframework.transaction.interceptor.TransactionAspectSupport.commitTransactionAfterReturning(TransactionAspectSupport.java:698) ~[spring-tx-6.2.2.jar:6.2.2]
	at org.springframework.transaction.interceptor.TransactionAspectSupport.invokeWithinTransaction(TransactionAspectSupport.java:416) ~[spring-tx-6.2.2.jar:6.2.2]
	at org.springframework.transaction.interceptor.TransactionInterceptor.invoke(TransactionInterceptor.java:119) ~[spring-tx-6.2.2.jar:6.2.2]
	at org.springframework.aop.framework.ReflectiveMethodInvocation.proceed(ReflectiveMethodInvocation.java:184) ~[spring-aop-6.2.2.jar:6.2.2]
	at org.springframework.aop.interceptor.ExposeInvocationInterceptor.invoke(ExposeInvocationInterceptor.java:97) ~[spring-aop-6.2.2.jar:6.2.2]
	at org.springframework.aop.framework.ReflectiveMethodInvocation.proceed(ReflectiveMethodInvocation.java:184) ~[spring-aop-6.2.2.jar:6.2.2]
	at org.springframework.aop.framework.CglibAopProxy$DynamicAdvisedInterceptor.intercept(CglibAopProxy.java:727) ~[spring-aop-6.2.2.jar:6.2.2]
	at com.saas.ecommerce.service.OrderService$$SpringCGLIB$$0.createOrder(<generated>) ~[classes/:na]
	at com.saas.ecommerce.controller.OrderController.createOrder(OrderController.java:41) ~[classes/:na]
	at java.base/jdk.internal.reflect.DirectMethodHandleAccessor.invoke(DirectMethodHandleAccessor.java:103) ~[na:na]
	at java.base/java.lang.reflect.Method.invoke(Method.java:580) ~[na:na]
	at org.springframework.aop.support.AopUtils.invokeJoinpointUsingReflection(AopUtils.java:359) ~[spring-aop-6.2.2.jar:6.2.2]
	at org.springframework.aop.framework.ReflectiveMethodInvocation.invokeJoinpoint(ReflectiveMethodInvocation.java:196) ~[spring-aop-6.2.2.jar:6.2.2]
	at org.springframework.aop.framework.ReflectiveMethodInvocation.proceed(ReflectiveMethodInvocation.java:163) ~[spring-aop-6.2.2.jar:6.2.2]
	at org.springframework.security.authorization.method.AuthorizationManagerBeforeMethodInterceptor.proceed(AuthorizationManagerBeforeMethodInterceptor.java:268) ~[spring-security-core-6.4.2.jar:6.4.2]
	at org.springframework.security.authorization.method.AuthorizationManagerBeforeMethodInterceptor.attemptAuthorization(AuthorizationManagerBeforeMethodInterceptor.java:263) ~[spring-security-core-6.4.2.jar:6.4.2]
	at org.springframework.security.authorization.method.AuthorizationManagerBeforeMethodInterceptor.invoke(AuthorizationManagerBeforeMethodInterceptor.java:196) ~[spring-security-core-6.4.2.jar:6.4.2]
	at org.springframework.security.config.annotation.method.configuration.DeferringMethodInterceptor.invoke(DeferringMethodInterceptor.java:44) ~[spring-security-config-6.4.2.jar:6.4.2]
	at org.springframework.aop.framework.ReflectiveMethodInvocation.proceed(ReflectiveMethodInvocation.java:184) ~[spring-aop-6.2.2.jar:6.2.2]
	at org.springframework.aop.framework.CglibAopProxy$DynamicAdvisedInterceptor.intercept(CglibAopProxy.java:727) ~[spring-aop-6.2.2.jar:6.2.2]
	at com.saas.ecommerce.controller.OrderController$$SpringCGLIB$$0.createOrder(<generated>) ~[classes/:na]
	at java.base/jdk.internal.reflect.DirectMethodHandleAccessor.invoke(DirectMethodHandleAccessor.java:103) ~[na:na]
	at java.base/java.lang.reflect.Method.invoke(Method.java:580) ~[na:na]
	at org.springframework.web.method.support.InvocableHandlerMethod.doInvoke(InvocableHandlerMethod.java:257) ~[spring-web-6.2.2.jar:6.2.2]
	at org.springframework.web.method.support.InvocableHandlerMethod.invokeForRequest(InvocableHandlerMethod.java:190) ~[spring-web-6.2.2.jar:6.2.2]
	at org.springframework.web.servlet.mvc.method.annotation.ServletInvocableHandlerMethod.invokeAndHandle(ServletInvocableHandlerMethod.java:118) ~[spring-webmvc-6.2.2.jar:6.2.2]
	at org.springframework.web.servlet.mvc.method.annotation.RequestMappingHandlerAdapter.invokeHandlerMethod(RequestMappingHandlerAdapter.java:986) ~[spring-webmvc-6.2.2.jar:6.2.2]
	at org.springframework.web.servlet.mvc.method.annotation.RequestMappingHandlerAdapter.handleInternal(RequestMappingHandlerAdapter.java:891) ~[spring-webmvc-6.2.2.jar:6.2.2]
	at org.springframework.web.servlet.mvc.method.AbstractHandlerMethodAdapter.handle(AbstractHandlerMethodAdapter.java:87) ~[spring-webmvc-6.2.2.jar:6.2.2]
	at org.springframework.web.servlet.DispatcherServlet.doDispatch(DispatcherServlet.java:1088) ~[spring-webmvc-6.2.2.jar:6.2.2]
	at org.springframework.web.servlet.DispatcherServlet.doService(DispatcherServlet.java:978) ~[spring-webmvc-6.2.2.jar:6.2.2]
	at org.springframework.web.servlet.FrameworkServlet.processRequest(FrameworkServlet.java:1014) ~[spring-webmvc-6.2.2.jar:6.2.2]
	at org.springframework.web.servlet.FrameworkServlet.doPost(FrameworkServlet.java:914) ~[spring-webmvc-6.2.2.jar:6.2.2]
	at jakarta.servlet.http.HttpServlet.service(HttpServlet.java:590) ~[tomcat-embed-core-10.1.34.jar:6.0]
	at org.springframework.web.servlet.FrameworkServlet.service(FrameworkServlet.java:885) ~[spring-webmvc-6.2.2.jar:6.2.2]
	at org.springframework.test.web.servlet.TestDispatcherServlet.service(TestDispatcherServlet.java:72) ~[spring-test-6.2.2.jar:6.2.2]
	at jakarta.servlet.http.HttpServlet.service(HttpServlet.java:658) ~[tomcat-embed-core-10.1.34.jar:6.0]
	at org.springframework.mock.web.MockFilterChain$ServletFilterProxy.doFilter(MockFilterChain.java:165) ~[spring-test-6.2.2.jar:6.2.2]
	at org.springframework.mock.web.MockFilterChain.doFilter(MockFilterChain.java:132) ~[spring-test-6.2.2.jar:6.2.2]
	at org.springframework.web.filter.OncePerRequestFilter.doFilter(OncePerRequestFilter.java:110) ~[spring-web-6.2.2.jar:6.2.2]
	at org.springframework.test.web.servlet.setup.MockMvcFilterDecorator.doFilter(MockMvcFilterDecorator.java:162) ~[spring-test-6.2.2.jar:6.2.2]
	at org.springframework.mock.web.MockFilterChain.doFilter(MockFilterChain.java:132) ~[spring-test-6.2.2.jar:6.2.2]
	at org.springframework.web.filter.CompositeFilter$VirtualFilterChain.doFilter(CompositeFilter.java:108) ~[spring-web-6.2.2.jar:6.2.2]
	at org.springframework.security.web.FilterChainProxy.lambda$doFilterInternal$3(FilterChainProxy.java:231) ~[spring-security-web-6.4.2.jar:6.4.2]
	at org.springframework.security.web.FilterChainProxy$VirtualFilterChain.doFilter(FilterChainProxy.java:365) ~[spring-security-web-6.4.2.jar:6.4.2]
	at org.springframework.security.web.access.intercept.AuthorizationFilter.doFilter(AuthorizationFilter.java:101) ~[spring-security-web-6.4.2.jar:6.4.2]
	at org.springframework.security.web.FilterChainProxy$VirtualFilterChain.doFilter(FilterChainProxy.java:374) ~[spring-security-web-6.4.2.jar:6.4.2]
	at org.springframework.security.web.access.ExceptionTranslationFilter.doFilter(ExceptionTranslationFilter.java:126) ~[spring-security-web-6.4.2.jar:6.4.2]
	at org.springframework.security.web.access.ExceptionTranslationFilter.doFilter(ExceptionTranslationFilter.java:120) ~[spring-security-web-6.4.2.jar:6.4.2]
	at org.springframework.security.web.FilterChainProxy$VirtualFilterChain.doFilter(FilterChainProxy.java:374) ~[spring-security-web-6.4.2.jar:6.4.2]
	at org.springframework.security.web.session.SessionManagementFilter.doFilter(SessionManagementFilter.java:131) ~[spring-security-web-6.4.2.jar:6.4.2]
	at org.springframework.security.web.session.SessionManagementFilter.doFilter(SessionManagementFilter.java:85) ~[spring-security-web-6.4.2.jar:6.4.2]
	at org.springframework.security.web.FilterChainProxy$VirtualFilterChain.doFilter(FilterChainProxy.java:374) ~[spring-security-web-6.4.2.jar:6.4.2]
	at org.springframework.security.web.authentication.AnonymousAuthenticationFilter.doFilter(AnonymousAuthenticationFilter.java:100) ~[spring-security-web-6.4.2.jar:6.4.2]
	at org.springframework.security.web.FilterChainProxy$VirtualFilterChain.doFilter(FilterChainProxy.java:374) ~[spring-security-web-6.4.2.jar:6.4.2]
	at org.springframework.security.web.servletapi.SecurityContextHolderAwareRequestFilter.doFilter(SecurityContextHolderAwareRequestFilter.java:179) ~[spring-security-web-6.4.2.jar:6.4.2]
	at org.springframework.security.web.FilterChainProxy$VirtualFilterChain.doFilter(FilterChainProxy.java:374) ~[spring-security-web-6.4.2.jar:6.4.2]
	at org.springframework.security.web.savedrequest.RequestCacheAwareFilter.doFilter(RequestCacheAwareFilter.java:63) ~[spring-security-web-6.4.2.jar:6.4.2]
	at org.springframework.security.web.FilterChainProxy$VirtualFilterChain.doFilter(FilterChainProxy.java:374) ~[spring-security-web-6.4.2.jar:6.4.2]
	at com.saas.ecommerce.security.JwtAuthenticationFilter.doFilterInternal(JwtAuthenticationFilter.java:78) ~[classes/:na]
	at org.springframework.web.filter.OncePerRequestFilter.doFilter(OncePerRequestFilter.java:116) ~[spring-web-6.2.2.jar:6.2.2]
	at org.springframework.security.web.FilterChainProxy$VirtualFilterChain.doFilter(FilterChainProxy.java:374) ~[spring-security-web-6.4.2.jar:6.4.2]
	at org.springframework.security.web.authentication.logout.LogoutFilter.doFilter(LogoutFilter.java:107) ~[spring-security-web-6.4.2.jar:6.4.2]
	at org.springframework.security.web.authentication.logout.LogoutFilter.doFilter(LogoutFilter.java:93) ~[spring-security-web-6.4.2.jar:6.4.2]
	at org.springframework.security.web.FilterChainProxy$VirtualFilterChain.doFilter(FilterChainProxy.java:374) ~[spring-security-web-6.4.2.jar:6.4.2]
	at org.springframework.security.web.header.HeaderWriterFilter.doHeadersAfter(HeaderWriterFilter.java:90) ~[spring-security-web-6.4.2.jar:6.4.2]
	at org.springframework.security.web.header.HeaderWriterFilter.doFilterInternal(HeaderWriterFilter.java:75) ~[spring-security-web-6.4.2.jar:6.4.2]
	at org.springframework.web.filter.OncePerRequestFilter.doFilter(OncePerRequestFilter.java:116) ~[spring-web-6.2.2.jar:6.2.2]
	at org.springframework.security.web.FilterChainProxy$VirtualFilterChain.doFilter(FilterChainProxy.java:374) ~[spring-security-web-6.4.2.jar:6.4.2]
	at org.springframework.security.web.context.SecurityContextHolderFilter.doFilter(SecurityContextHolderFilter.java:82) ~[spring-security-web-6.4.2.jar:6.4.2]
	at org.springframework.security.web.context.SecurityContextHolderFilter.doFilter(SecurityContextHolderFilter.java:69) ~[spring-security-web-6.4.2.jar:6.4.2]
	at org.springframework.security.web.FilterChainProxy$VirtualFilterChain.doFilter(FilterChainProxy.java:374) ~[spring-security-web-6.4.2.jar:6.4.2]
	at org.springframework.security.web.context.request.async.WebAsyncManagerIntegrationFilter.doFilterInternal(WebAsyncManagerIntegrationFilter.java:62) ~[spring-security-web-6.4.2.jar:6.4.2]
	at org.springframework.web.filter.OncePerRequestFilter.doFilter(OncePerRequestFilter.java:116) ~[spring-web-6.2.2.jar:6.2.2]
	at org.springframework.security.web.FilterChainProxy$VirtualFilterChain.doFilter(FilterChainProxy.java:374) ~[spring-security-web-6.4.2.jar:6.4.2]
	at org.springframework.security.web.session.DisableEncodeUrlFilter.doFilterInternal(DisableEncodeUrlFilter.java:42) ~[spring-security-web-6.4.2.jar:6.4.2]
	at org.springframework.web.filter.OncePerRequestFilter.doFilter(OncePerRequestFilter.java:116) ~[spring-web-6.2.2.jar:6.2.2]
	at org.springframework.security.web.FilterChainProxy$VirtualFilterChain.doFilter(FilterChainProxy.java:374) ~[spring-security-web-6.4.2.jar:6.4.2]
	at org.springframework.security.web.FilterChainProxy.doFilterInternal(FilterChainProxy.java:233) ~[spring-security-web-6.4.2.jar:6.4.2]
	at org.springframework.security.web.FilterChainProxy.doFilter(FilterChainProxy.java:191) ~[spring-security-web-6.4.2.jar:6.4.2]
	at org.springframework.web.filter.CompositeFilter$VirtualFilterChain.doFilter(CompositeFilter.java:113) ~[spring-web-6.2.2.jar:6.2.2]
	at org.springframework.web.servlet.handler.HandlerMappingIntrospector.lambda$createCacheFilter$3(HandlerMappingIntrospector.java:243) ~[spring-webmvc-6.2.2.jar:6.2.2]
	at org.springframework.web.filter.CompositeFilter$VirtualFilterChain.doFilter(CompositeFilter.java:113) ~[spring-web-6.2.2.jar:6.2.2]
	at org.springframework.web.filter.CompositeFilter.doFilter(CompositeFilter.java:74) ~[spring-web-6.2.2.jar:6.2.2]
	at org.springframework.security.config.annotation.web.configuration.WebMvcSecurityConfiguration$CompositeFilterChainProxy.doFilter(WebMvcSecurityConfiguration.java:238) ~[spring-security-config-6.4.2.jar:6.4.2]
	at org.springframework.web.filter.DelegatingFilterProxy.invokeDelegate(DelegatingFilterProxy.java:362) ~[spring-web-6.2.2.jar:6.2.2]
	at org.springframework.web.filter.DelegatingFilterProxy.doFilter(DelegatingFilterProxy.java:278) ~[spring-web-6.2.2.jar:6.2.2]
	at org.springframework.test.web.servlet.setup.MockMvcFilterDecorator.doFilter(MockMvcFilterDecorator.java:162) ~[spring-test-6.2.2.jar:6.2.2]
	at org.springframework.mock.web.MockFilterChain.doFilter(MockFilterChain.java:132) ~[spring-test-6.2.2.jar:6.2.2]
	at org.springframework.web.filter.RequestContextFilter.doFilterInternal(RequestContextFilter.java:100) ~[spring-web-6.2.2.jar:6.2.2]
	at org.springframework.web.filter.OncePerRequestFilter.doFilter(OncePerRequestFilter.java:116) ~[spring-web-6.2.2.jar:6.2.2]
	at org.springframework.test.web.servlet.setup.MockMvcFilterDecorator.doFilter(MockMvcFilterDecorator.java:162) ~[spring-test-6.2.2.jar:6.2.2]
	at org.springframework.mock.web.MockFilterChain.doFilter(MockFilterChain.java:132) ~[spring-test-6.2.2.jar:6.2.2]
	at org.springframework.web.filter.FormContentFilter.doFilterInternal(FormContentFilter.java:93) ~[spring-web-6.2.2.jar:6.2.2]
	at org.springframework.web.filter.OncePerRequestFilter.doFilter(OncePerRequestFilter.java:116) ~[spring-web-6.2.2.jar:6.2.2]
	at org.springframework.test.web.servlet.setup.MockMvcFilterDecorator.doFilter(MockMvcFilterDecorator.java:162) ~[spring-test-6.2.2.jar:6.2.2]
	at org.springframework.mock.web.MockFilterChain.doFilter(MockFilterChain.java:132) ~[spring-test-6.2.2.jar:6.2.2]
	at org.springframework.web.filter.CharacterEncodingFilter.doFilterInternal(CharacterEncodingFilter.java:201) ~[spring-web-6.2.2.jar:6.2.2]
	at org.springframework.web.filter.OncePerRequestFilter.doFilter(OncePerRequestFilter.java:116) ~[spring-web-6.2.2.jar:6.2.2]
	at org.springframework.test.web.servlet.setup.MockMvcFilterDecorator.doFilter(MockMvcFilterDecorator.java:162) ~[spring-test-6.2.2.jar:6.2.2]
	at org.springframework.mock.web.MockFilterChain.doFilter(MockFilterChain.java:132) ~[spring-test-6.2.2.jar:6.2.2]
	at org.springframework.test.web.servlet.MockMvc.perform(MockMvc.java:201) ~[spring-test-6.2.2.jar:6.2.2]
	at com.saas.ecommerce.integration.OrderLifecycleIntegrationTest.testOrderLifecycle(OrderLifecycleIntegrationTest.java:108) ~[test-classes/:na]
	at java.base/jdk.internal.reflect.DirectMethodHandleAccessor.invoke(DirectMethodHandleAccessor.java:103) ~[na:na]
	at java.base/java.lang.reflect.Method.invoke(Method.java:580) ~[na:na]
	at org.junit.platform.commons.util.ReflectionUtils.invokeMethod(ReflectionUtils.java:767) ~[junit-platform-commons-1.11.4.jar:1.11.4]
	at org.junit.jupiter.engine.execution.MethodInvocation.proceed(MethodInvocation.java:60) ~[junit-jupiter-engine-5.11.4.jar:5.11.4]
	at org.junit.jupiter.engine.execution.InvocationInterceptorChain$ValidatingInvocation.proceed(InvocationInterceptorChain.java:131) ~[junit-jupiter-engine-5.11.4.jar:5.11.4]
	at org.junit.jupiter.engine.extension.TimeoutExtension.intercept(TimeoutExtension.java:156) ~[junit-jupiter-engine-5.11.4.jar:5.11.4]
	at org.junit.jupiter.engine.extension.TimeoutExtension.interceptTestableMethod(TimeoutExtension.java:147) ~[junit-jupiter-engine-5.11.4.jar:5.11.4]
	at org.junit.jupiter.engine.extension.TimeoutExtension.interceptTestMethod(TimeoutExtension.java:86) ~[junit-jupiter-engine-5.11.4.jar:5.11.4]
	at org.junit.jupiter.engine.execution.InterceptingExecutableInvoker$ReflectiveInterceptorCall.lambda$ofVoidMethod$0(InterceptingExecutableInvoker.java:103) ~[junit-jupiter-engine-5.11.4.jar:5.11.4]
	at org.junit.jupiter.engine.execution.InterceptingExecutableInvoker.lambda$invoke$0(InterceptingExecutableInvoker.java:93) ~[junit-jupiter-engine-5.11.4.jar:5.11.4]
	at org.junit.jupiter.engine.execution.InvocationInterceptorChain$InterceptedInvocation.proceed(InvocationInterceptorChain.java:106) ~[junit-jupiter-engine-5.11.4.jar:5.11.4]
	at org.junit.jupiter.engine.execution.InvocationInterceptorChain.proceed(InvocationInterceptorChain.java:64) ~[junit-jupiter-engine-5.11.4.jar:5.11.4]
	at org.junit.jupiter.engine.execution.InvocationInterceptorChain.chainAndInvoke(InvocationInterceptorChain.java:45) ~[junit-jupiter-engine-5.11.4.jar:5.11.4]
	at org.junit.jupiter.engine.execution.InvocationInterceptorChain.invoke(InvocationInterceptorChain.java:37) ~[junit-jupiter-engine-5.11.4.jar:5.11.4]
	at org.junit.jupiter.engine.execution.InterceptingExecutableInvoker.invoke(InterceptingExecutableInvoker.java:92) ~[junit-jupiter-engine-5.11.4.jar:5.11.4]
	at org.junit.jupiter.engine.execution.InterceptingExecutableInvoker.invoke(InterceptingExecutableInvoker.java:86) ~[junit-jupiter-engine-5.11.4.jar:5.11.4]
	at org.junit.jupiter.engine.descriptor.TestMethodTestDescriptor.lambda$invokeTestMethod$8(TestMethodTestDescriptor.java:217) ~[junit-jupiter-engine-5.11.4.jar:5.11.4]
	at org.junit.platform.engine.support.hierarchical.ThrowableCollector.execute(ThrowableCollector.java:73) ~[junit-platform-engine-1.11.4.jar:1.11.4]
	at org.junit.jupiter.engine.descriptor.TestMethodTestDescriptor.invokeTestMethod(TestMethodTestDescriptor.java:213) ~[junit-jupiter-engine-5.11.4.jar:5.11.4]
	at org.junit.jupiter.engine.descriptor.TestMethodTestDescriptor.execute(TestMethodTestDescriptor.java:138) ~[junit-jupiter-engine-5.11.4.jar:5.11.4]
	at org.junit.jupiter.engine.descriptor.TestMethodTestDescriptor.execute(TestMethodTestDescriptor.java:68) ~[junit-jupiter-engine-5.11.4.jar:5.11.4]
	at org.junit.platform.engine.support.hierarchical.NodeTestTask.lambda$executeRecursively$6(NodeTestTask.java:156) ~[junit-platform-engine-1.11.4.jar:1.11.4]
	at org.junit.platform.engine.support.hierarchical.ThrowableCollector.execute(ThrowableCollector.java:73) ~[junit-platform-engine-1.11.4.jar:1.11.4]
	at org.junit.platform.engine.support.hierarchical.NodeTestTask.lambda$executeRecursively$8(NodeTestTask.java:146) ~[junit-platform-engine-1.11.4.jar:1.11.4]
	at org.junit.platform.engine.support.hierarchical.Node.around(Node.java:137) ~[junit-platform-engine-1.11.4.jar:1.11.4]
	at org.junit.platform.engine.support.hierarchical.NodeTestTask.lambda$executeRecursively$9(NodeTestTask.java:144) ~[junit-platform-engine-1.11.4.jar:1.11.4]
	at org.junit.platform.engine.support.hierarchical.ThrowableCollector.execute(ThrowableCollector.java:73) ~[junit-platform-engine-1.11.4.jar:1.11.4]
	at org.junit.platform.engine.support.hierarchical.NodeTestTask.executeRecursively(NodeTestTask.java:143) ~[junit-platform-engine-1.11.4.jar:1.11.4]
	at org.junit.platform.engine.support.hierarchical.NodeTestTask.execute(NodeTestTask.java:100) ~[junit-platform-engine-1.11.4.jar:1.11.4]
	at java.base/java.util.ArrayList.forEach(ArrayList.java:1596) ~[na:na]
	at org.junit.platform.engine.support.hierarchical.SameThreadHierarchicalTestExecutorService.invokeAll(SameThreadHierarchicalTestExecutorService.java:41) ~[junit-platform-engine-1.11.4.jar:1.11.4]
	at org.junit.platform.engine.support.hierarchical.NodeTestTask.lambda$executeRecursively$6(NodeTestTask.java:160) ~[junit-platform-engine-1.11.4.jar:1.11.4]
	at org.junit.platform.engine.support.hierarchical.ThrowableCollector.execute(ThrowableCollector.java:73) ~[junit-platform-engine-1.11.4.jar:1.11.4]
	at org.junit.platform.engine.support.hierarchical.NodeTestTask.lambda$executeRecursively$8(NodeTestTask.java:146) ~[junit-platform-engine-1.11.4.jar:1.11.4]
	at org.junit.platform.engine.support.hierarchical.Node.around(Node.java:137) ~[junit-platform-engine-1.11.4.jar:1.11.4]
	at org.junit.platform.engine.support.hierarchical.NodeTestTask.lambda$executeRecursively$9(NodeTestTask.java:144) ~[junit-platform-engine-1.11.4.jar:1.11.4]
	at org.junit.platform.engine.support.hierarchical.ThrowableCollector.execute(ThrowableCollector.java:73) ~[junit-platform-engine-1.11.4.jar:1.11.4]
	at org.junit.platform.engine.support.hierarchical.NodeTestTask.executeRecursively(NodeTestTask.java:143) ~[junit-platform-engine-1.11.4.jar:1.11.4]
	at org.junit.platform.engine.support.hierarchical.NodeTestTask.execute(NodeTestTask.java:100) ~[junit-platform-engine-1.11.4.jar:1.11.4]
	at java.base/java.util.ArrayList.forEach(ArrayList.java:1596) ~[na:na]
	at org.junit.platform.engine.support.hierarchical.SameThreadHierarchicalTestExecutorService.invokeAll(SameThreadHierarchicalTestExecutorService.java:41) ~[junit-platform-engine-1.11.4.jar:1.11.4]
	at org.junit.platform.engine.support.hierarchical.NodeTestTask.lambda$executeRecursively$6(NodeTestTask.java:160) ~[junit-platform-engine-1.11.4.jar:1.11.4]
	at org.junit.platform.engine.support.hierarchical.ThrowableCollector.execute(ThrowableCollector.java:73) ~[junit-platform-engine-1.11.4.jar:1.11.4]
	at org.junit.platform.engine.support.hierarchical.NodeTestTask.lambda$executeRecursively$8(NodeTestTask.java:146) ~[junit-platform-engine-1.11.4.jar:1.11.4]
	at org.junit.platform.engine.support.hierarchical.Node.around(Node.java:137) ~[junit-platform-engine-1.11.4.jar:1.11.4]
	at org.junit.platform.engine.support.hierarchical.NodeTestTask.lambda$executeRecursively$9(NodeTestTask.java:144) ~[junit-platform-engine-1.11.4.jar:1.11.4]
	at org.junit.platform.engine.support.hierarchical.ThrowableCollector.execute(ThrowableCollector.java:73) ~[junit-platform-engine-1.11.4.jar:1.11.4]
	at org.junit.platform.engine.support.hierarchical.NodeTestTask.executeRecursively(NodeTestTask.java:143) ~[junit-platform-engine-1.11.4.jar:1.11.4]
	at org.junit.platform.engine.support.hierarchical.NodeTestTask.execute(NodeTestTask.java:100) ~[junit-platform-engine-1.11.4.jar:1.11.4]
	at org.junit.platform.engine.support.hierarchical.SameThreadHierarchicalTestExecutorService.submit(SameThreadHierarchicalTestExecutorService.java:35) ~[junit-platform-engine-1.11.4.jar:1.11.4]
	at org.junit.platform.engine.support.hierarchical.HierarchicalTestExecutor.execute(HierarchicalTestExecutor.java:57) ~[junit-platform-engine-1.11.4.jar:1.11.4]
	at org.junit.platform.engine.support.hierarchical.HierarchicalTestEngine.execute(HierarchicalTestEngine.java:54) ~[junit-platform-engine-1.11.4.jar:1.11.4]
	at org.junit.platform.launcher.core.EngineExecutionOrchestrator.execute(EngineExecutionOrchestrator.java:198) ~[junit-platform-launcher-1.11.4.jar:1.11.4]
	at org.junit.platform.launcher.core.EngineExecutionOrchestrator.execute(EngineExecutionOrchestrator.java:169) ~[junit-platform-launcher-1.11.4.jar:1.11.4]
	at org.junit.platform.launcher.core.EngineExecutionOrchestrator.execute(EngineExecutionOrchestrator.java:93) ~[junit-platform-launcher-1.11.4.jar:1.11.4]
	at org.junit.platform.launcher.core.EngineExecutionOrchestrator.lambda$execute$0(EngineExecutionOrchestrator.java:58) ~[junit-platform-launcher-1.11.4.jar:1.11.4]
	at org.junit.platform.launcher.core.EngineExecutionOrchestrator.withInterceptedStreams(EngineExecutionOrchestrator.java:141) ~[junit-platform-launcher-1.11.4.jar:1.11.4]
	at org.junit.platform.launcher.core.EngineExecutionOrchestrator.execute(EngineExecutionOrchestrator.java:57) ~[junit-platform-launcher-1.11.4.jar:1.11.4]
	at org.junit.platform.launcher.core.DefaultLauncher.execute(DefaultLauncher.java:103) ~[junit-platform-launcher-1.11.4.jar:1.11.4]
	at org.junit.platform.launcher.core.DefaultLauncher.execute(DefaultLauncher.java:85) ~[junit-platform-launcher-1.11.4.jar:1.11.4]
	at org.junit.platform.launcher.core.DelegatingLauncher.execute(DelegatingLauncher.java:47) ~[junit-platform-launcher-1.11.4.jar:1.11.4]
	at org.apache.maven.surefire.junitplatform.LazyLauncher.execute(LazyLauncher.java:56) ~[surefire-junit-platform-3.5.2.jar:3.5.2]
	at org.apache.maven.surefire.junitplatform.JUnitPlatformProvider.execute(JUnitPlatformProvider.java:184) ~[surefire-junit-platform-3.5.2.jar:3.5.2]
	at org.apache.maven.surefire.junitplatform.JUnitPlatformProvider.invokeAllTests(JUnitPlatformProvider.java:148) ~[surefire-junit-platform-3.5.2.jar:3.5.2]
	at org.apache.maven.surefire.junitplatform.JUnitPlatformProvider.invoke(JUnitPlatformProvider.java:122) ~[surefire-junit-platform-3.5.2.jar:3.5.2]
	at org.apache.maven.surefire.booter.ForkedBooter.runSuitesInProcess(ForkedBooter.java:385) ~[surefire-booter-3.5.2.jar:3.5.2]
	at org.apache.maven.surefire.booter.ForkedBooter.execute(ForkedBooter.java:162) ~[surefire-booter-3.5.2.jar:3.5.2]
	at org.apache.maven.surefire.booter.ForkedBooter.run(ForkedBooter.java:507) ~[surefire-booter-3.5.2.jar:3.5.2]
	at org.apache.maven.surefire.booter.ForkedBooter.main(ForkedBooter.java:495) ~[surefire-booter-3.5.2.jar:3.5.2]
Caused by: org.hibernate.exception.ConstraintViolationException: could not execute statement [ERROR: null value in column "order_id" of relation "order_items" violates not-null constraint
  Detalhe: Failing row contains (2b0fe390-8a74-45a9-8f05-b1d5377c454e, 2, 1000.00, null, null, 2026-02-11 11:27:28.889473, 2026-02-11 11:27:28.889473).] [insert into order_items (created_at,order_id,product_id,quantity,unit_price,updated_at,id) values (?,?,?,?,?,?,?)]
	at org.hibernate.exception.internal.SQLStateConversionDelegate.convert(SQLStateConversionDelegate.java:97) ~[hibernate-core-6.6.5.Final.jar:6.6.5.Final]
	at org.hibernate.exception.internal.StandardSQLExceptionConverter.convert(StandardSQLExceptionConverter.java:58) ~[hibernate-core-6.6.5.Final.jar:6.6.5.Final]
	at org.hibernate.engine.jdbc.spi.SqlExceptionHelper.convert(SqlExceptionHelper.java:108) ~[hibernate-core-6.6.5.Final.jar:6.6.5.Final]
	at org.hibernate.engine.jdbc.internal.ResultSetReturnImpl.executeUpdate(ResultSetReturnImpl.java:197) ~[hibernate-core-6.6.5.Final.jar:6.6.5.Final]
	at org.hibernate.engine.jdbc.mutation.internal.AbstractMutationExecutor.performNonBatchedMutation(AbstractMutationExecutor.java:134) ~[hibernate-core-6.6.5.Final.jar:6.6.5.Final]
	at org.hibernate.engine.jdbc.mutation.internal.MutationExecutorSingleNonBatched.performNonBatchedOperations(MutationExecutorSingleNonBatched.java:55) ~[hibernate-core-6.6.5.Final.jar:6.6.5.Final]
	at org.hibernate.engine.jdbc.mutation.internal.AbstractMutationExecutor.execute(AbstractMutationExecutor.java:55) ~[hibernate-core-6.6.5.Final.jar:6.6.5.Final]
	at org.hibernate.persister.entity.mutation.InsertCoordinatorStandard.doStaticInserts(InsertCoordinatorStandard.java:194) ~[hibernate-core-6.6.5.Final.jar:6.6.5.Final]
	at org.hibernate.persister.entity.mutation.InsertCoordinatorStandard.coordinateInsert(InsertCoordinatorStandard.java:132) ~[hibernate-core-6.6.5.Final.jar:6.6.5.Final]
	at org.hibernate.persister.entity.mutation.InsertCoordinatorStandard.insert(InsertCoordinatorStandard.java:104) ~[hibernate-core-6.6.5.Final.jar:6.6.5.Final]
	at org.hibernate.action.internal.EntityInsertAction.execute(EntityInsertAction.java:110) ~[hibernate-core-6.6.5.Final.jar:6.6.5.Final]
	at org.hibernate.engine.spi.ActionQueue.executeActions(ActionQueue.java:644) ~[hibernate-core-6.6.5.Final.jar:6.6.5.Final]
	at org.hibernate.engine.spi.ActionQueue.executeActions(ActionQueue.java:511) ~[hibernate-core-6.6.5.Final.jar:6.6.5.Final]
	at org.hibernate.event.internal.AbstractFlushingEventListener.performExecutions(AbstractFlushingEventListener.java:414) ~[hibernate-core-6.6.5.Final.jar:6.6.5.Final]
	at org.hibernate.event.internal.DefaultFlushEventListener.onFlush(DefaultFlushEventListener.java:41) ~[hibernate-core-6.6.5.Final.jar:6.6.5.Final]
	at org.hibernate.event.service.internal.EventListenerGroupImpl.fireEventOnEachListener(EventListenerGroupImpl.java:127) ~[hibernate-core-6.6.5.Final.jar:6.6.5.Final]
	at org.hibernate.internal.SessionImpl.doFlush(SessionImpl.java:1429) ~[hibernate-core-6.6.5.Final.jar:6.6.5.Final]
	at org.hibernate.internal.SessionImpl.managedFlush(SessionImpl.java:491) ~[hibernate-core-6.6.5.Final.jar:6.6.5.Final]
	at org.hibernate.internal.SessionImpl.flushBeforeTransactionCompletion(SessionImpl.java:2354) ~[hibernate-core-6.6.5.Final.jar:6.6.5.Final]
	at org.hibernate.internal.SessionImpl.beforeTransactionCompletion(SessionImpl.java:1978) ~[hibernate-core-6.6.5.Final.jar:6.6.5.Final]
	at org.hibernate.engine.jdbc.internal.JdbcCoordinatorImpl.beforeTransactionCompletion(JdbcCoordinatorImpl.java:439) ~[hibernate-core-6.6.5.Final.jar:6.6.5.Final]
	at org.hibernate.resource.transaction.backend.jdbc.internal.JdbcResourceLocalTransactionCoordinatorImpl.beforeCompletionCallback(JdbcResourceLocalTransactionCoordinatorImpl.java:169) ~[hibernate-core-6.6.5.Final.jar:6.6.5.Final]
	at org.hibernate.resource.transaction.backend.jdbc.internal.JdbcResourceLocalTransactionCoordinatorImpl$TransactionDriverControlImpl.commit(JdbcResourceLocalTransactionCoordinatorImpl.java:267) ~[hibernate-core-6.6.5.Final.jar:6.6.5.Final]
	at org.hibernate.engine.transaction.internal.TransactionImpl.commit(TransactionImpl.java:101) ~[hibernate-core-6.6.5.Final.jar:6.6.5.Final]
	at org.springframework.orm.jpa.JpaTransactionManager.doCommit(JpaTransactionManager.java:562) ~[spring-orm-6.2.2.jar:6.2.2]
	... 174 common frames omitted
Caused by: org.postgresql.util.PSQLException: ERROR: null value in column "order_id" of relation "order_items" violates not-null constraint
  Detalhe: Failing row contains (2b0fe390-8a74-45a9-8f05-b1d5377c454e, 2, 1000.00, null, null, 2026-02-11 11:27:28.889473, 2026-02-11 11:27:28.889473).
	at org.postgresql.core.v3.QueryExecutorImpl.receiveErrorResponse(QueryExecutorImpl.java:2733) ~[postgresql-42.7.5.jar:42.7.5]
	at org.postgresql.core.v3.QueryExecutorImpl.processResults(QueryExecutorImpl.java:2420) ~[postgresql-42.7.5.jar:42.7.5]
	at org.postgresql.core.v3.QueryExecutorImpl.execute(QueryExecutorImpl.java:372) ~[postgresql-42.7.5.jar:42.7.5]
	at org.postgresql.jdbc.PgStatement.executeInternal(PgStatement.java:517) ~[postgresql-42.7.5.jar:42.7.5]
	at org.postgresql.jdbc.PgStatement.execute(PgStatement.java:434) ~[postgresql-42.7.5.jar:42.7.5]
	at org.postgresql.jdbc.PgPreparedStatement.executeWithFlags(PgPreparedStatement.java:194) ~[postgresql-42.7.5.jar:42.7.5]
	at org.postgresql.jdbc.PgPreparedStatement.executeUpdate(PgPreparedStatement.java:155) ~[postgresql-42.7.5.jar:42.7.5]
	at com.zaxxer.hikari.pool.ProxyPreparedStatement.executeUpdate(ProxyPreparedStatement.java:61) ~[HikariCP-5.1.0.jar:na]
	at com.zaxxer.hikari.pool.HikariProxyPreparedStatement.executeUpdate(HikariProxyPreparedStatement.java) ~[HikariCP-5.1.0.jar:na]
	at org.hibernate.engine.jdbc.internal.ResultSetReturnImpl.executeUpdate(ResultSetReturnImpl.java:194) ~[hibernate-core-6.6.5.Final.jar:6.6.5.Final]
	... 195 common frames omitted


MockHttpServletRequest:
      HTTP Method = POST
      Request URI = /api/admin/products
       Parameters = {}
          Headers = [Content-Type:"application/json;charset=UTF-8", Authorization:"Bearer eyJhbGciOiJSUzI1NiJ9.eyJzdWIiOiJlNzJmZjk4Yy1jZDFjLTRiYTItYjJhOC04YzJmOTUxZTA2ZjgiLCJlbWFpbCI6ImFkbWluQG9yZGVyLmNvbSIsInJvbGUiOiJBRE1JTl9MT0pBIiwiaWF0IjoxNzcwODIwMDQ4LCJleHAiOjE3NzA5MDY0NDgsInN0b3JlSWQiOiIyOTExNzBmNi1lZjYxLTQ2MDAtOGRlOC0yYmYwOTAxMzY3ZjcifQ.YYSb83zRn4CQT-dqEzs6gIfP-7iY-3bqcC_V-EWRgzRUrGoSSsP9-OTaEPVc43amOMgguaI8I2Wml7f-OLsH7nwQHCx_hi07YWsnAxq2qaAle9ZgbjP_e9xg1HDKrSk2UC_-uTw1FNzyXk7YBjX_Tkg0qLw0QGbdyKmk1pf-mROsdOV9y1p1Lw9YovHUrX_GVwzthVPhn3LXMwfK5iegItMf2eHkjfOWEiUmResLpYGWWdcNwTJUL2kViA7lAJmHrIj-eV_ImMjbPaGpywCqpfg_h4Q8fLMaGAgYtAcK6BxCsQhBjRustLHv6LNcS9ZOsVWXP3EYhiNdp7oAz-LUIA", Content-Length:"246"]
             Body = {"name":"Smartphone","description":"Best phone","price":1000.00,"stockQuantity":10,"imageUrl":"http://example.com/image.jpg","weightKg":0.5,"heightCm":10,"widthCm":5,"lengthCm":20,"categoryId":"07e53ee4-7176-40ec-9e87-9929e44246a1","active":true}
    Session Attrs = {}

Handler:
             Type = com.saas.ecommerce.controller.ProductController
           Method = com.saas.ecommerce.controller.ProductController#create(ProductRequest)

Async:
    Async started = false
     Async result = null

Resolved Exception:
             Type = null

ModelAndView:
        View name = null
             View = null
            Model = null

FlashMap:
       Attributes = null

MockHttpServletResponse:
           Status = 201
    Error message = null
          Headers = [Vary:"Origin", "Access-Control-Request-Method", "Access-Control-Request-Headers", Content-Type:"application/json", X-Content-Type-Options:"nosniff", X-XSS-Protection:"0", Cache-Control:"no-cache, no-store, max-age=0, must-revalidate", Pragma:"no-cache", Expires:"0", X-Frame-Options:"DENY"]
     Content type = application/json
             Body = {"id":"88f2870a-f148-4c2f-9759-c130b5cf8458","name":"Smartphone","description":"Best phone","price":1000.00,"stockQuantity":10,"imageUrl":"http://example.com/image.jpg","weightKg":0.5,"heightCm":10,"widthCm":5,"lengthCm":20,"active":true,"categoryId":"07e53ee4-7176-40ec-9e87-9929e44246a1","categoryName":null,"storeId":"291170f6-ef61-4600-8de8-2bf0901367f7","createdAt":"2026-02-11T11:27:28.6382241","updatedAt":"2026-02-11T11:27:28.6382241"}
    Forwarded URL = null
   Redirected URL = null
          Cookies = []

MockHttpServletRequest:
      HTTP Method = POST
      Request URI = /api/customer/addresses
       Parameters = {}
          Headers = [Content-Type:"application/json;charset=UTF-8", Authorization:"Bearer eyJhbGciOiJSUzI1NiJ9.eyJzdWIiOiI0ZDViZWY3Ny1lZGVhLTRiOTEtYTIzYy1lZjBiMjkyYjVkZTciLCJlbWFpbCI6ImN1c3RvbWVyLm9yZGVyQHRlc3QuY29tIiwicm9sZSI6IkNMSUVOVEUiLCJpYXQiOjE3NzA4MjAwNDgsImV4cCI6MTc3MDkwNjQ0OH0.NfuRbOp5_7exgsAy-rVMZOEdzb-yZJ4cMHfDtMcJdtB-2Ym6thitflPXco7HaW8RaiBoCf4uSygn-AMGbLo1jGIdjfbUI9IljcsgfqFGGAXmQQXoK-HtalrvveywK0ODplL6iFQego98meX8QKQYm8JQ9hEsjO61Ht-A0eY7amGJXCRA6dY0zuSJW8kPBwZt-_emtkK9ckIF_A8v7LenCuyTy1P1XrfhTsbzKrshaF6qPnZnmW2XmtufX6CBmKZXR2j6Fqs6dZKlBbMpVSp9m6WfQtmjmP7UNzZPrIv_OsKQUicaUWU41DeNUU7S7McpFbjdgWeFcvQ-cdHg4k9TrA", Content-Length:"157"]
             Body = {"street":"Rua Teste","number":"123","complement":"Apto 101","neighborhood":"Centro","city":"SÒo Paulo","state":"SP","zipCode":"01001-000","isDefault":true}
    Session Attrs = {}

Handler:
             Type = com.saas.ecommerce.controller.AddressController
           Method = com.saas.ecommerce.controller.AddressController#create(AddressRequest, CustomUserDetails)

Async:
    Async started = false
     Async result = null

Resolved Exception:
             Type = null

ModelAndView:
        View name = null
             View = null
            Model = null

FlashMap:
       Attributes = null

MockHttpServletResponse:
           Status = 201
    Error message = null
          Headers = [Vary:"Origin", "Access-Control-Request-Method", "Access-Control-Request-Headers", Content-Type:"application/json", X-Content-Type-Options:"nosniff", X-XSS-Protection:"0", Cache-Control:"no-cache, no-store, max-age=0, must-revalidate", Pragma:"no-cache", Expires:"0", X-Frame-Options:"DENY"]
     Content type = application/json
             Body = {"id":"6ffc3b53-1dc7-497f-9fe7-4f62558c6b46","street":"Rua Teste","number":"123","complement":"Apto 101","neighborhood":"Centro","city":"SÒo Paulo","state":"SP","zipCode":"01001-000","isDefault":true,"createdAt":"2026-02-11T11:27:28.7854043","updatedAt":"2026-02-11T11:27:28.7854043"}
    Forwarded URL = null
   Redirected URL = null
          Cookies = []

MockHttpServletRequest:
      HTTP Method = POST
      Request URI = /api/storefront/orders
       Parameters = {}
          Headers = [Content-Type:"application/json;charset=UTF-8", Authorization:"Bearer eyJhbGciOiJSUzI1NiJ9.eyJzdWIiOiI0ZDViZWY3Ny1lZGVhLTRiOTEtYTIzYy1lZjBiMjkyYjVkZTciLCJlbWFpbCI6ImN1c3RvbWVyLm9yZGVyQHRlc3QuY29tIiwicm9sZSI6IkNMSUVOVEUiLCJpYXQiOjE3NzA4MjAwNDgsImV4cCI6MTc3MDkwNjQ0OH0.NfuRbOp5_7exgsAy-rVMZOEdzb-yZJ4cMHfDtMcJdtB-2Ym6thitflPXco7HaW8RaiBoCf4uSygn-AMGbLo1jGIdjfbUI9IljcsgfqFGGAXmQQXoK-HtalrvveywK0ODplL6iFQego98meX8QKQYm8JQ9hEsjO61Ht-A0eY7amGJXCRA6dY0zuSJW8kPBwZt-_emtkK9ckIF_A8v7LenCuyTy1P1XrfhTsbzKrshaF6qPnZnmW2XmtufX6CBmKZXR2j6Fqs6dZKlBbMpVSp9m6WfQtmjmP7UNzZPrIv_OsKQUicaUWU41DeNUU7S7McpFbjdgWeFcvQ-cdHg4k9TrA", X-Store-ID:"291170f6-ef61-4600-8de8-2bf0901367f7", Content-Length:"149"]
             Body = {"items":[{"productId":"88f2870a-f148-4c2f-9759-c130b5cf8458","quantity":2}],"addressId":"6ffc3b53-1dc7-497f-9fe7-4f62558c6b46","shippingCost":20.00}
    Session Attrs = {}

Handler:
             Type = com.saas.ecommerce.controller.OrderController
           Method = com.saas.ecommerce.controller.OrderController#createOrder(CreateOrderRequest, CustomUserDetails)

Async:
    Async started = false
     Async result = null

Resolved Exception:
             Type = org.springframework.dao.DataIntegrityViolationException

ModelAndView:
        View name = null
             View = null
            Model = null

FlashMap:
       Attributes = null

MockHttpServletResponse:
           Status = 500
    Error message = null
          Headers = [Vary:"Origin", "Access-Control-Request-Method", "Access-Control-Request-Headers", Content-Type:"application/problem+json", X-Content-Type-Options:"nosniff", X-XSS-Protection:"0", Cache-Control:"no-cache, no-store, max-age=0, must-revalidate", Pragma:"no-cache", Expires:"0", X-Frame-Options:"DENY"]
     Content type = application/problem+json
             Body = {"type":"https://api.saas-ecommerce.com/errors/internal","title":"Erro Interno","status":500,"detail":"Ocorreu um erro interno. Tente novamente.","instance":"/api/storefront/orders"}
    Forwarded URL = null
   Redirected URL = null
          Cookies = []
[ERROR] Tests run: 1, Failures: 1, Errors: 0, Skipped: 0, Time elapsed: 12.26 s <<< FAILURE! -- in com.saas.ecommerce.integration.OrderLifecycleIntegrationTest
[ERROR] com.saas.ecommerce.integration.OrderLifecycleIntegrationTest.testOrderLifecycle -- Time elapsed: 1.192 s <<< FAILURE!
java.lang.AssertionError: Status expected:<201> but was:<500>
	at org.springframework.test.util.AssertionErrors.fail(AssertionErrors.java:61)
	at org.springframework.test.util.AssertionErrors.assertEquals(AssertionErrors.java:128)
	at org.springframework.test.web.servlet.result.StatusResultMatchers.lambda$matcher$9(StatusResultMatchers.java:640)
	at org.springframework.test.web.servlet.MockMvc$1.andExpect(MockMvc.java:214)
	at com.saas.ecommerce.integration.OrderLifecycleIntegrationTest.testOrderLifecycle(OrderLifecycleIntegrationTest.java:113)
	at java.base/java.lang.reflect.Method.invoke(Method.java:580)
	at java.base/java.util.ArrayList.forEach(ArrayList.java:1596)
	at java.base/java.util.ArrayList.forEach(ArrayList.java:1596)

[INFO] 
[INFO] Results:
[INFO] 
[ERROR] Failures: 
[ERROR]   OrderLifecycleIntegrationTest.testOrderLifecycle:113 Status expected:<201> but was:<500>
[INFO] 
[ERROR] Tests run: 1, Failures: 1, Errors: 0, Skipped: 0
[INFO] 
[INFO] ------------------------------------------------------------------------
[INFO] BUILD FAILURE
[INFO] ------------------------------------------------------------------------
[INFO] Total time:  15.612 s
[INFO] Finished at: 2026-02-11T11:27:29-03:00
[INFO] ------------------------------------------------------------------------
[ERROR] Failed to execute goal org.apache.maven.plugins:maven-surefire-plugin:3.5.2:test (default-test) on project ecommerce: There are test failures.
[ERROR] 
[ERROR] See C:\Users\paulo\OneDrive\Desktop\repositorios\saas-project-ecommerce\backend\target\surefire-reports for the individual test results.
[ERROR] See dump files (if any exist) [date].dump, [date]-jvmRun[N].dump and [date].dumpstream.
[ERROR] -> [Help 1]
[ERROR] 
[ERROR] To see the full stack trace of the errors, re-run Maven with the -e switch.
[ERROR] Re-run Maven using the -X switch to enable full debug logging.
[ERROR] 
[ERROR] For more information about the errors and possible solutions, please read the following articles:
[ERROR] [Help 1] http://cwiki.apache.org/confluence/display/MAVEN/MojoFailureException
